// Jest Snapshot v1, https://goo.gl/fbAQLP

exports[`calltree/CallNodeContextMenu basic rendering renders a full context menu when open, with many nav items 1`] = `
<nav
  class="react-contextmenu"
  role="menu"
  style="position: fixed; opacity: 0; pointer-events: none;"
  tabindex="-1"
>
  <div
    aria-disabled="false"
    class="react-contextmenu-item"
    role="menuitem"
    tabindex="-1"
  >
    <div
      class="callNodeContextMenuWithKey"
      title="Merging a function removes it from the profile, and assigns its time to the function that called it. This happens anywhere the function was called in the tree."
    >
      <div
        class="callNodeContextMenuWithKeyText"
      >
        <span
          class="callNodeContextMenuIcon callNodeContextMenuIconMerge"
        />
        Merge function
      </div>
      <kbd>
        m
      </kbd>
    </div>
  </div>
  <div
    aria-disabled="false"
    class="react-contextmenu-item"
    role="menuitem"
    tabindex="-1"
  >
    <div
      class="callNodeContextMenuWithKey"
      title="Merging a node removes it from the profile, and assigns its time to the function's node that called it. It only removes the function from that specific part of the tree. Any other places the function was called will remain in the profile."
    >
      <div
        class="callNodeContextMenuWithKeyText"
      >
        <span
          class="callNodeContextMenuIcon callNodeContextMenuIconMerge"
        />
        Merge node only
      </div>
      <kbd>
        M
      </kbd>
    </div>
  </div>
  <div
    aria-disabled="false"
    class="react-contextmenu-item"
    role="menuitem"
    tabindex="-1"
  >
    <div
      class="callNodeContextMenuWithKey"
      title="Focusing on a function will remove any sample that does not include that function. In addition, it re-roots the call tree so that the function is the only root of the tree. This can combine multiple function call sites across a profile into one call node."
    >
      <div
        class="callNodeContextMenuWithKeyText"
      >
        <span
          class="callNodeContextMenuIcon callNodeContextMenuIconFocus"
        />
        Focus on function
      </div>
      <kbd>
        f
      </kbd>
    </div>
  </div>
  <div
    aria-disabled="false"
    class="react-contextmenu-item"
    role="menuitem"
    tabindex="-1"
  >
    <div
      class="callNodeContextMenuWithKey"
      title="Focusing on a subtree will remove any sample that does not include that specific part of the call tree. It pulls out a branch of the call tree, however it only does it for that single call node. All other calls of the function are ignored."
    >
      <div
        class="callNodeContextMenuWithKeyText"
      >
        <span
          class="callNodeContextMenuIcon callNodeContextMenuIconFocus"
        />
        Focus on subtree only
      </div>
      <kbd>
        F
      </kbd>
    </div>
  </div>
  <div
    aria-disabled="false"
    class="react-contextmenu-item"
    role="menuitem"
    tabindex="-1"
  >
    <div
      class="callNodeContextMenuWithKey"
      title="Collapsing a function will remove everything it called, and assign all of the time to the function. This can help simplify a profile that calls into code that does not need to be analyzed."
    >
      <div
        class="callNodeContextMenuWithKeyText"
      >
        <span
          class="callNodeContextMenuIcon callNodeContextMenuIconCollapse"
        />
        Collapse function
      </div>
      <kbd>
        c
      </kbd>
    </div>
  </div>
  <div
    aria-disabled="false"
    class="react-contextmenu-item"
    role="menuitem"
    tabindex="-1"
  >
    <div
      class="callNodeContextMenuWithKey"
      title="Collapsing a resource will flatten out of all the calls into that resource into a single collapsed call node."
    >
      <div
        class="callNodeContextMenuWithKeyText"
      >
        <span
          class="callNodeContextMenuIcon callNodeContextMenuIconCollapse"
        />
        Collapse
        <span
          class="callNodeContextMenuLabel"
        >
          XUL
        </span>
      </div>
      <kbd>
        C
      </kbd>
    </div>
  </div>
  <div
    aria-disabled="false"
    class="react-contextmenu-item"
    role="menuitem"
    tabindex="-1"
  >
    <div
      class="callNodeContextMenuWithKey"
      title="Collapsing direct recursion removes calls that repeatedly recurse into the same function."
    >
      <div
        class="callNodeContextMenuWithKeyText"
      >
        <span
          class="callNodeContextMenuIcon callNodeContextMenuIconCollapse"
        />
        Collapse direct recursion
      </div>
      <kbd>
        r
      </kbd>
    </div>
  </div>
  <div
    aria-disabled="false"
    class="react-contextmenu-item"
    role="menuitem"
    tabindex="-1"
  >
    <div
      class="callNodeContextMenuWithKey"
      title="Dropping samples removes their time from the profile. This is useful to eliminate timing information that is not for the analysis."
    >
      <div
        class="callNodeContextMenuWithKeyText"
      >
        <span
          class="callNodeContextMenuIcon callNodeContextMenuIconDrop"
        />
        Drop samples with this function
      </div>
      <kbd>
        d
      </kbd>
    </div>
  </div>
  <div
    class="react-contextmenu-separator"
  />
  <div
    aria-disabled="false"
    class="react-contextmenu-item"
    role="menuitem"
    tabindex="-1"
  >
    Expand all
  </div>
  <div
    class="react-contextmenu-separator"
  />
  <div
    aria-disabled="false"
    class="react-contextmenu-item"
    role="menuitem"
    tabindex="-1"
  >
    Look up the function name on Searchfox
  </div>
  <div
    aria-disabled="false"
    class="react-contextmenu-item"
    role="menuitem"
    tabindex="-1"
  >
    Copy function name
  </div>
  <div
    aria-disabled="false"
    class="react-contextmenu-item"
    role="menuitem"
    tabindex="-1"
  >
    Copy stack
  </div>
</nav>
`;
