// Jest Snapshot v1, https://goo.gl/fbAQLP

exports[`ProfileName matches the snapshot 1`] = `
<div>
  <button
    class="profileNameButton menuButtonsButton menuButtonsButton-hasRightBorder"
    style="display: block;"
    title="Edit the profile name"
    type="button"
  >
    Firefox – macOS 10.14
  </button>
  <input
    aria-label="Profile name"
    class="profileNameInput"
    style="display: none;"
    title="Edit the profile name"
    value="Firefox – macOS 10.14"
  />
</div>
`;
