// Jest Snapshot v1, https://goo.gl/fbAQLP

exports[`shared/Tooltip is rendered appropriately 1`] = `
<div
  class="tooltip"
  data-testid="tooltip"
  style="--tooltip-detail-max-width: 600px; left: 11px; top: 11px;"
>
  <p>
    Lorem ipsum
  </p>
</div>
`;
